=== t=2 TW=16349 local-port histogram ===
16349 51140
   1 65535
   1 65534
   1 65533
   1 65532
   1 65531
=== t=4 TW=16349 local-port histogram ===
16349 51140
   1 65535
   1 65534
   1 65533
   1 65532
   1 65531
=== t=6 TW=16349 local-port histogram ===
16349 51140
   1 65535
   1 65534
   1 65533
   1 65532
   1 65531
=== t=8 TW=16349 local-port histogram ===
16349 51140
   1 65535
   1 65534
   1 65533
   1 65532
   1 65531
=== t=10 TW=16349 local-port histogram ===
16349 51140
   1 65535
   1 65534
   1 65533
   1 65532
   1 65531
=== t=12 TW=16349 local-port histogram ===
16349 51140
   1 65535
   1 65534
   1 65533
   1 65532
   1 65531
=== t=14 TW=16349 local-port histogram ===
16349 51140
   1 65535
   1 65534
   1 65533
   1 65532
   1 65531
=== t=16 TW=16350 local-port histogram ===
16350 51140
   1 65535
   1 65534
   1 65533
   1 65532
   1 65531
=== t=18 TW=16350 local-port histogram ===
16350 51140
   1 65535
   1 65534
   1 65533
   1 65532
   1 65531
=== t=20 TW=16350 local-port histogram ===
16350 51140
   1 65535
   1 65534
   1 65533
   1 65532
   1 65531
=== t=22 TW=16350 local-port histogram ===
16350 51140
   1 65535
   1 65534
   1 65533
   1 65532
   1 65531
=== t=24 TW=16350 local-port histogram ===
16350 51140
   1 65535
   1 65534
   1 65533
   1 65532
   1 65531
=== t=26 TW=16350 local-port histogram ===
16350 51140
   1 65535
   1 65534
   1 65533
   1 65532
   1 65531
=== t=28 TW=16350 local-port histogram ===
16350 51140
   1 65535
   1 65534
   1 65533
   1 65532
   1 65531
=== t=30 TW=16350 local-port histogram ===
16350 51140
   1 65535
   1 65534
   1 65533
   1 65532
   1 65531
=== t=32 TW=16350 local-port histogram ===
16350 51140
   1 65535
   1 65534
   1 65533
   1 65532
   1 65531
=== t=34 TW=16350 local-port histogram ===
16350 51140
   1 65535
   1 65534
   1 65533
   1 65532
   1 65531
=== t=36 TW=16350 local-port histogram ===
16350 51140
   1 65535
   1 65534
   1 65533
   1 65532
   1 65531
=== t=38 TW=16350 local-port histogram ===
16350 51140
   1 65535
   1 65534
   1 65533
   1 65532
   1 65531
=== t=40 TW=16349 local-port histogram ===
16349 51140
   1 65535
   1 65534
   1 65533
   1 65532
   1 65531
=== t=42 TW=16349 local-port histogram ===
16349 51140
   1 65535
   1 65534
   1 65533
   1 65532
   1 65531
=== t=44 TW=16349 local-port histogram ===
16349 51140
   1 65535
   1 65534
   1 65533
   1 65532
   1 65531
